2026-05-28 12:21:26 +0000 [MT] Initial pipeline context: <IDEDistributionProcessingPipelineContext: 0x7ff754b5fb60; archive(resolved)="<IDEArchive: 0x7ff754b09c00>", distributionTask(resolved)="2", distributionDestination(resolved)="1", distributionMethod(resolved)="<IDEDistributionMethodDevelopmentSigned: 0x7ff75422db40>", team(resolved)="<IDEProvisioningBasicTeam: 0x7ff754b26460; teamID='TS89RH735A', teamName='鸟 飞'>">
	Chain (14, self inclusive):
	<IDEDistributionProcessingPipelineContext: 0x7ff754b5fb60; archive = "<IDEArchive: 0x7ff754b09c00>", distributionMethod="<IDEDistributionMethodDevelopmentSigned: 0x7ff75422db40>", team="<IDEProvisioningBasicTeam: 0x7ff754b26460; teamID='TS89RH735A', teamName='鸟 飞'>">
	<IDEDistributionProcessingPipelineContext: 0x7ff7542f5310; archive = "<IDEArchive: 0x7ff754b09c00>", distributionMethod="<IDEDistributionMethodDevelopmentSigned: 0x7ff75422db40>", team="<IDEProvisioningBasicTeam: 0x7ff754b26460; teamID='TS89RH735A', teamName='鸟 飞'>">
	<IDEDistributionContext: 0x7ff7542cdd00; archive = "<IDEArchive: 0x7ff754b09c00>", distributionMethod="<IDEDistributionMethodDevelopmentSigned: 0x7ff75422db40>", team="<IDEProvisioningBasicTeam: 0x7ff754b26460; teamID='TS89RH735A', teamName='鸟 飞'>">
	<IDEDistributionContext: 0x7ff7549a1740; archive = "<IDEArchive: 0x7ff754b09c00>", distributionMethod="<IDEDistributionMethodDevelopmentSigned: 0x7ff75422db40>", team="<IDEProvisioningBasicTeam: 0x7ff754b26460; teamID='TS89RH735A', teamName='鸟 飞'>">
	<IDEDistributionContext: 0x7ff7548cb1b0; archive = "<IDEArchive: 0x7ff754b09c00>", distributionMethod="<IDEDistributionMethodDevelopmentSigned: 0x7ff75422db40>", team="<IDEProvisioningBasicTeam: 0x7ff754b26460; teamID='TS89RH735A', teamName='鸟 飞'>">
	<IDEDistributionContext: 0x7ff7548d2030; archive = "<IDEArchive: 0x7ff754b09c00>", distributionMethod="<IDEDistributionMethodDevelopmentSigned: 0x7ff75422db40>", team="<IDEProvisioningBasicTeam: 0x7ff754b26460; teamID='TS89RH735A', teamName='鸟 飞'>">
	<IDEDistributionContext: 0x7ff754b1f9f0; archive = "<IDEArchive: 0x7ff754b09c00>", distributionMethod="<IDEDistributionMethodDevelopmentSigned: 0x7ff75422db40>", team="<IDEProvisioningBasicTeam: 0x7ff754b26460; teamID='TS89RH735A', teamName='鸟 飞'>">
	<IDEDistributionContext: 0x7ff754b2c4a0; archive = "<IDEArchive: 0x7ff754b09c00>", distributionMethod="<IDEDistributionMethodDevelopmentSigned: 0x7ff75422db40>", team="<IDEProvisioningBasicTeam: 0x7ff754b26460; teamID='TS89RH735A', teamName='鸟 飞'>">
	<IDEDistributionContext: 0x7ff7548d6690; archive = "<IDEArchive: 0x7ff754b09c00>", distributionMethod="<IDEDistributionMethodDevelopmentSigned: 0x7ff75422db40>", team="<IDEProvisioningBasicTeam: 0x7ff754b26460; teamID='TS89RH735A', teamName='鸟 飞'>">
	<IDEDistributionContext: 0x7ff7548d6d40; archive = "<IDEArchive: 0x7ff754b09c00>", distributionMethod="<IDEDistributionMethodDevelopmentSigned: 0x7ff75422db40>", team="(null)">
	<IDEDistributionContext: 0x7ff754b1bd30; archive = "<IDEArchive: 0x7ff754b09c00>", distributionMethod="<IDEDistributionMethodDevelopmentSigned: 0x7ff75422db40>", team="(null)">
	<IDEDistributionContext: 0x7ff754b1a960; archive = "<IDEArchive: 0x7ff754b09c00>", distributionMethod="<IDEDistributionMethodDevelopmentSigned: 0x7ff75422db40>", team="(null)">
	<IDEDistributionContext: 0x7ff754a3d1c0; archive = "<IDEArchive: 0x7ff754b09c00>", distributionMethod="<IDEDistributionMethodDevelopmentSigned: 0x7ff75422db40>", team="(null)">
	<IDEDistributionContext: 0x7ff754b0a260; archive = "<IDEArchive: 0x7ff754b09c00>", distributionMethod="(null)", team="(null)">
</IDEDistributionProcessingPipelineContext: 0x7ff754b5fb60>
2026-05-28 12:21:26 +0000 [MT] Processing step: IDEDistributionCreateDestRootStep
2026-05-28 12:21:26 +0000 [MT] Processing step: IDEDistributionCopyItemStep
2026-05-28 12:21:26 +0000 [MT] Running /usr/bin/ditto '-V' '/Users/feiniao/Desktop/安卓开发/ios狗东/build/狗东.xcarchive/Products/Applications/狗东.app' '/var/folders/bq/dz1cq72d2xg6p0wz5glvlg8h0000gn/T/XcodeDistPipeline.~~~lKIUuz/Root/Payload/狗东.app'
2026-05-28 12:21:26 +0000  >>> Copying /Users/feiniao/Desktop/安卓开发/ios狗东/build/狗东.xcarchive/Products/Applications/狗东.app 
2026-05-28 12:21:26 +0000  copying file ./_CodeSignature/CodeResources ... 
2026-05-28 12:21:26 +0000  2775 bytes for ./_CodeSignature/CodeResources
2026-05-28 12:21:26 +0000  copying file ./狗东 ... 
2026-05-28 12:21:26 +0000  915200 bytes for ./狗东
2026-05-28 12:21:26 +0000  copying file ./AppIcon60x60@2x.png ... 
2026-05-28 12:21:26 +0000  13664 bytes for ./AppIcon60x60@2x.png
copying file ./Assets.car ... 
2026-05-28 12:21:26 +0000  1246200 bytes for ./Assets.car
copying file ./AppIcon76x76@2x~ipad.png ... 
2026-05-28 12:21:26 +0000  21061 bytes for ./AppIcon76x76@2x~ipad.png
copying file ./embedded.mobileprovision ... 
2026-05-28 12:21:26 +0000  12168 bytes for ./embedded.mobileprovision
copying file ./Info.plist ... 
2026-05-28 12:21:26 +0000  1826 bytes for ./Info.plist
2026-05-28 12:21:26 +0000  copying file ./PkgInfo ... 
2026-05-28 12:21:26 +0000  8 bytes for ./PkgInfo
2026-05-28 12:21:26 +0000 [MT] /usr/bin/ditto exited with 0
2026-05-28 12:21:26 +0000 [MT] Processing step: IDEDistributionEmbedProfileStep
2026-05-28 12:21:26 +0000 [MT] Processing step: IDEDistributionInfoPlistStep
2026-05-28 12:21:26 +0000 [MT] Skipping step: IDEDistributionInfoPlistStep because it said so
2026-05-28 12:21:26 +0000 [MT] Processing step: IDEDistributionAppThinningPlistStep
2026-05-28 12:21:26 +0000 [MT] Skipping step: IDEDistributionAppThinningPlistStep because it said so
2026-05-28 12:21:26 +0000 [MT] Processing step: IDEDistributionCompileBitcodeStep
2026-05-28 12:21:26 +0000 [MT] Skipping step: IDEDistributionCompileBitcodeStep because it said so
2026-05-28 12:21:26 +0000 [MT] Processing step: IDEDistributionCodeSlimmingStep
2026-05-28 12:21:26 +0000 [MT] Processing step: IDEDistributionCopyBCSymbolMapsStep
2026-05-28 12:21:26 +0000 [MT] Skipping step: IDEDistributionCopyBCSymbolMapsStep because it said so
2026-05-28 12:21:26 +0000 [MT] Processing step: IDEDistributionSymbolsStep
2026-05-28 12:21:26 +0000 [MT] Skipping step: IDEDistributionSymbolsStep because it said so
2026-05-28 12:21:26 +0000 [MT] Processing step: IDEDistributionAppThinningStep
2026-05-28 12:21:26 +0000 [MT] Skipping step: IDEDistributionAppThinningStep because it said so
2026-05-28 12:21:26 +0000 [MT] Processing step: IDEDistributionArchThinningStep
2026-05-28 12:21:26 +0000 [MT] Running /Applications/Xcode.app/Contents/Developer/Toolchains/XcodeDefault.xctoolchain/usr/bin/lipo '/var/folders/bq/dz1cq72d2xg6p0wz5glvlg8h0000gn/T/XcodeDistPipeline.~~~lKIUuz/Root/Payload/狗东.app/狗东' '-verify_arch' 'arm64e'
2026-05-28 12:21:26 +0000 [MT] /Applications/Xcode.app/Contents/Developer/Toolchains/XcodeDefault.xctoolchain/usr/bin/lipo exited with 1
2026-05-28 12:21:26 +0000 [MT] Skipping architecture thinning for item "狗东" because arch "arm64e" wasn't found
2026-05-28 12:21:26 +0000 [MT] Processing step: IDEDistributionODRStep
2026-05-28 12:21:26 +0000 [MT] Processing step: IDEDistributionStripXattrsStep
2026-05-28 12:21:26 +0000 [MT] Running /usr/bin/xattr '-crs' '/var/folders/bq/dz1cq72d2xg6p0wz5glvlg8h0000gn/T/XcodeDistPipeline.~~~lKIUuz/Root/Payload/狗东.app'
2026-05-28 12:21:26 +0000 [MT] /usr/bin/xattr exited with 0
2026-05-28 12:21:26 +0000 [MT] Processing step: IDEDistributionCodesignStep
2026-05-28 12:21:26 +0000 [MT] Entitlements for <IDEDistributionItem: 0x7ff7548e4830; bundleID='goudong.--', path='<DVTFilePath:0x7ff754b093a0:'/Users/feiniao/Desktop/安卓开发/ios狗东/build/狗东.xcarchive/Products/Applications/狗东.app'>', codeSigningInfo='<_DVTCodeSigningInformation_Path: 0x7ff7548dbad0; isSigned='1', isAdHocSigned='0', signingCertificate='<DVTSigningCertificate: 0x7ff74d80cfa0; name='Apple Development: 694738267@qq.com (JAH49HP59G)', hash='D36851EDDDAAFD1C65CB4D02E56B6B221EB8B449', serialNumber='21365DD28AABBB6A140F5BA4BC02D1B4', certificateKinds='(
    "1.2.840.113635.100.6.1.12",
    "1.2.840.113635.100.6.1.2"
), issueDate='2025-11-26 07:25:26 +0000''>', entitlements='{
    "application-identifier" = "TS89RH735A.goudong.--";
    "com.apple.developer.team-identifier" = TS89RH735A;
    "get-task-allow" = 1;
}', teamID='TS89RH735A', identifier='goudong.--', executablePath='<DVTFilePath:0x7ff7548e5930:'/Users/feiniao/Desktop/安卓开发/ios狗东/build/狗东.xcarchive/Products/Applications/狗东.app/狗东'>', hardenedRuntime='0'>'>: {
    "application-identifier" = "TS89RH735A.goudong.--";
    "com.apple.developer.team-identifier" = TS89RH735A;
    "get-task-allow" = 1;
}
2026-05-28 12:21:26 +0000 [MT] Associated App Clip Identifiers Filter: Skipping because "com.apple.developer.associated-appclip-app-identifiers" is not present
2026-05-28 12:21:26 +0000 [MT] Entitlements for <IDEDistributionItem: 0x7ff7548e4830; bundleID='goudong.--', path='<DVTFilePath:0x7ff754b093a0:'/Users/feiniao/Desktop/安卓开发/ios狗东/build/狗东.xcarchive/Products/Applications/狗东.app'>', codeSigningInfo='<_DVTCodeSigningInformation_Path: 0x7ff7548dbad0; isSigned='1', isAdHocSigned='0', signingCertificate='<DVTSigningCertificate: 0x7ff755075390; name='Apple Development: 694738267@qq.com (JAH49HP59G)', hash='D36851EDDDAAFD1C65CB4D02E56B6B221EB8B449', serialNumber='21365DD28AABBB6A140F5BA4BC02D1B4', certificateKinds='(
    "1.2.840.113635.100.6.1.12",
    "1.2.840.113635.100.6.1.2"
), issueDate='2025-11-26 07:25:26 +0000''>', entitlements='{
    "application-identifier" = "TS89RH735A.goudong.--";
    "com.apple.developer.team-identifier" = TS89RH735A;
    "get-task-allow" = 1;
}', teamID='TS89RH735A', identifier='goudong.--', executablePath='<DVTFilePath:0x7ff7548e5930:'/Users/feiniao/Desktop/安卓开发/ios狗东/build/狗东.xcarchive/Products/Applications/狗东.app/狗东'>', hardenedRuntime='0'>'> are: {
    "application-identifier" = "TS89RH735A.goudong.--";
    "com.apple.developer.team-identifier" = TS89RH735A;
    "get-task-allow" = 1;
}
2026-05-28 12:21:26 +0000 [MT] Writing entitlements for <IDEDistributionItem: 0x7ff7548e4830; bundleID='goudong.--', path='<DVTFilePath:0x7ff754b093a0:'/Users/feiniao/Desktop/安卓开发/ios狗东/build/狗东.xcarchive/Products/Applications/狗东.app'>', codeSigningInfo='<_DVTCodeSigningInformation_Path: 0x7ff7548dbad0; isSigned='1', isAdHocSigned='0', signingCertificate='<DVTSigningCertificate: 0x7ff755067ce0; name='Apple Development: 694738267@qq.com (JAH49HP59G)', hash='D36851EDDDAAFD1C65CB4D02E56B6B221EB8B449', serialNumber='21365DD28AABBB6A140F5BA4BC02D1B4', certificateKinds='(
    "1.2.840.113635.100.6.1.12",
    "1.2.840.113635.100.6.1.2"
), issueDate='2025-11-26 07:25:26 +0000''>', entitlements='{
    "application-identifier" = "TS89RH735A.goudong.--";
    "com.apple.developer.team-identifier" = TS89RH735A;
    "get-task-allow" = 1;
}', teamID='TS89RH735A', identifier='goudong.--', executablePath='<DVTFilePath:0x7ff7548e5930:'/Users/feiniao/Desktop/安卓开发/ios狗东/build/狗东.xcarchive/Products/Applications/狗东.app/狗东'>', hardenedRuntime='0'>'> to: /var/folders/bq/dz1cq72d2xg6p0wz5glvlg8h0000gn/T/XcodeDistPipeline.~~~lKIUuz/entitlements~~~ZBMobi
2026-05-28 12:21:26 +0000 [MT] Running /usr/bin/codesign '-vvv' '--force' '--sign' 'D36851EDDDAAFD1C65CB4D02E56B6B221EB8B449' '--entitlements' '/var/folders/bq/dz1cq72d2xg6p0wz5glvlg8h0000gn/T/XcodeDistPipeline.~~~lKIUuz/entitlements~~~ZBMobi' '--generate-entitlement-der' '--preserve-metadata=identifier,flags,runtime' '/var/folders/bq/dz1cq72d2xg6p0wz5glvlg8h0000gn/T/XcodeDistPipeline.~~~lKIUuz/Root/Payload/狗东.app'
2026-05-28 12:21:26 +0000  /var/folders/bq/dz1cq72d2xg6p0wz5glvlg8h0000gn/T/XcodeDistPipeline.~~~lKIUuz/Root/Payload/狗东.app: replacing existing signature
2026-05-28 12:21:26 +0000  /var/folders/bq/dz1cq72d2xg6p0wz5glvlg8h0000gn/T/XcodeDistPipeline.~~~lKIUuz/Root/Payload/狗东.app: signed app bundle with Mach-O thin (arm64) [goudong.--]
2026-05-28 12:21:26 +0000 [MT] /usr/bin/codesign exited with 0
2026-05-28 12:21:26 +0000 [MT] Processing step: IDEDistributionZipODRItemStep
2026-05-28 12:21:26 +0000 [MT] Skipping step: IDEDistributionZipODRItemStep because it said so
2026-05-28 12:21:26 +0000 [MT] Processing step: IDEDistributionCreateIPAStep
2026-05-28 12:21:26 +0000 [MT] Running /usr/bin/ditto '-V' '-c' '-k' '--norsrc' '/var/folders/bq/dz1cq72d2xg6p0wz5glvlg8h0000gn/T/XcodeDistPipeline.~~~lKIUuz/Root' '/var/folders/bq/dz1cq72d2xg6p0wz5glvlg8h0000gn/T/XcodeDistPipeline.~~~lKIUuz/Packages/狗东.ipa'
2026-05-28 12:21:26 +0000  >>> Copying /var/folders/bq/dz1cq72d2xg6p0wz5glvlg8h0000gn/T/XcodeDistPipeline.~~~lKIUuz/Root 
2026-05-28 12:21:26 +0000  copying file ./Payload/狗东.app/_CodeSignature/CodeResources ... 
2026-05-28 12:21:26 +0000  2775 bytes for ./Payload/狗东.app/_CodeSignature/CodeResources
2026-05-28 12:21:26 +0000  copying file ./Payload/狗东.app/狗东 ... 
2026-05-28 12:21:26 +0000  915200 bytes for ./Payload/狗东.app/狗东
copying file ./Payload/狗东.app/AppIcon60x60@2x.png ... 
2026-05-28 12:21:26 +0000  13664 bytes for ./Payload/狗东.app/AppIcon60x60@2x.png
2026-05-28 12:21:26 +0000  copying file ./Payload/狗东.app/Assets.car ... 
2026-05-28 12:21:26 +0000  1246200 bytes for ./Payload/狗东.app/Assets.car
copying file ./Payload/狗东.app/AppIcon76x76@2x~ipad.png ... 
2026-05-28 12:21:26 +0000  21061 bytes for ./Payload/狗东.app/AppIcon76x76@2x~ipad.png
copying file ./Payload/狗东.app/embedded.mobileprovision ... 
2026-05-28 12:21:26 +0000  12168 bytes for ./Payload/狗东.app/embedded.mobileprovision
copying file ./Payload/狗东.app/Info.plist ... 
2026-05-28 12:21:26 +0000  1826 bytes for ./Payload/狗东.app/Info.plist
copying file ./Payload/狗东.app/PkgInfo ... 
2026-05-28 12:21:26 +0000  8 bytes for ./Payload/狗东.app/PkgInfo
2026-05-28 12:21:26 +0000 [MT] /usr/bin/ditto exited with 0
2026-05-28 12:21:26 +0000 [MT] Processing step: IDEDistributionAppStoreInformationStep
2026-05-28 12:21:26 +0000 [MT] Skipping step: IDEDistributionAppStoreInformationStep because it said so
2026-05-28 12:21:26 +0000 [MT] Processing step: IDEDistributionGenerateProcessedDistributionItems
2026-05-28 12:21:26 +0000 [MT] IDEDistributionItem init <DVTFilePath:0x7ff7542a79b0:'/var/folders/bq/dz1cq72d2xg6p0wz5glvlg8h0000gn/T/XcodeDistPipeline.~~~lKIUuz/Root/Payload/狗东.app'>
2026-05-28 12:21:26 +0000 [MT] Processing step: IDEDistributionCreateManifestStep
